../app/src/task_system.c:145:6:task_system_init	64	static,ignoring_inline_asm
../app/src/task_system.c:187:6:task_system_update	16	static
../app/src/task_system.c:195:13:display_main_new	8	static
../app/src/task_system.c:201:13:display_main_cont	8	static
../app/src/task_system.c:207:13:display_set_temp	32	static
../app/src/task_system.c:215:13:display_set_hum	32	static
../app/src/task_system.c:223:13:display_set_days	32	static
../app/src/task_system.c:231:13:display_set_hours	32	static
../app/src/task_system.c:240:17:rtc_get_seconds	16	static
../app/src/task_system.c:253:13:incubation_start	16	static
../app/src/task_system.c:274:13:display_incubating	64	static
../app/src/task_system.c:317:13:task_system_statechart	32	static
