../app/src/task_system.c:153:6:task_system_init	64	static,ignoring_inline_asm
../app/src/task_system.c:195:6:task_system_update	16	static
../app/src/task_system.c:203:13:display_main_new	8	static
../app/src/task_system.c:209:13:display_main_cont	8	static
../app/src/task_system.c:218:13:display_new_menu	48	static
../app/src/task_system.c:248:13:display_set_temp	32	static
../app/src/task_system.c:256:13:display_set_hum	32	static
../app/src/task_system.c:264:13:display_set_days	32	static
../app/src/task_system.c:272:13:display_set_hours	32	static
../app/src/task_system.c:281:17:rtc_get_seconds	16	static
../app/src/task_system.c:294:13:incubation_start	16	static
../app/src/task_system.c:315:13:display_incubating	64	static
../app/src/task_system.c:358:13:task_system_statechart	40	static
