20:15:03 **** Incremental Build of configuration Debug for project proof_menu ****
make -j4 all 
arm-none-eabi-gcc "../app/src/task_system.c" -mcpu=cortex-m3 -std=gnu11 -g3 -DDEBUG -DUSE_HAL_DRIVER -DSTM32F103xB -c -I../Core/Inc -I../Drivers/STM32F1xx_HAL_Driver/Inc -I../Drivers/STM32F1xx_HAL_Driver/Inc/Legacy -I../Drivers/CMSIS/Device/ST/STM32F1xx/Include -I../Drivers/CMSIS/Include -I../app/inc -O0 -ffunction-sections -fdata-sections -Wall -fstack-usage -fcyclomatic-complexity -MMD -MP -MF"app/src/task_system.d" -MT"app/src/task_system.o" --specs=nano.specs -mfloat-abi=soft -mthumb -o "app/src/task_system.o"
arm-none-eabi-gcc -o "proof_menu.elf" @"objects.list"  -lrdimon -mcpu=cortex-m3 -T"C:\Users\ericsson\Desktop\Taller embebidos\Proyecto final\proof_menu\STM32F103RBTX_FLASH.ld" --specs=nosys.specs -Wl,-Map="proof_menu.map" -Wl,--gc-sections -static -specs=rdimon.specs --specs=nano.specs -mfloat-abi=soft -mthumb -Wl,--start-group -lc -lm -Wl,--end-group
Finished building target: proof_menu.elf
 
arm-none-eabi-size  proof_menu.elf 
arm-none-eabi-objdump -h -S proof_menu.elf  > "proof_menu.list"
   text	   data	    bss	    dec	    hex	filename
  23276	    188	   2532	  25996	   658c	proof_menu.elf
Finished building: default.size.stdout
 
Finished building: proof_menu.list
 
20:15:19 **** Incremental Build of configuration Debug for project proof_menu ****
make -j4 all 
arm-none-eabi-size  proof_menu.elf 
   text	   data	    bss	    dec	    hex	filename
  23276	    188	   2532	  25996	   658c	proof_menu.elf
Finished building: default.size.stdout
 
